// Jest Snapshot v1, https://goo.gl/fbAQLP

exports[`Header Component renders Header component without issues 1`] = `
<div
  className="header"
>
  <div
    className="container_header_content"
  >
    <div
      className="container_logo"
    >
      <NavLink
        to="/articles"
      >
        <Logo
          className="top_header_logo"
        />
      </NavLink>
    </div>
    <div
      className="navbar_links"
    >
      <div
        className="container_header_logged_out_links"
      >
        <NavLink
          className="navbar_link_login"
          role="navigation"
          to="/login"
        >
          Login
        </NavLink>
        <NavLink
          className="navbar_link_signup"
          to="/signup"
        >
          Sign Up
        </NavLink>
      </div>
    </div>
  </div>
</div>
`;
