// Jest Snapshot v1, https://goo.gl/fbAQLP

exports[`Header Component renders Header component without issues 1`] = `
<div
  className="header header_lights_off"
>
  <div
    className="container_header_content"
  >
    <div
      className="container_logo"
    >
      <NavLink
        to="/articles"
      >
        <LogoWhite
          className="top_header_logo"
        />
      </NavLink>
    </div>
    <div
      className="navbar_links"
    >
      <div
        className="container_moon"
      >
        <Moon
          className="header_moon"
          onClick={[Function]}
        />
      </div>
      <div
        className="container_header_logged_out_links"
      >
        <NavLink
          className="navbar_link_login"
          id="lights_off_text"
          role="navigation"
          to="/login"
        >
          Login
        </NavLink>
        <NavLink
          className="navbar_link_signup"
          id="lights_off_text"
          to="/signup"
        >
          Sign Up
        </NavLink>
      </div>
      <div
        className="light_switch"
      >
        <div
          className="light_switch_on"
        >
          <span
            className="light_switch_off"
            onClick={[Function]}
          >
            Light
             
          </span>
          | 
          <span
            onClick={[Function]}
          >
            Dark
          </span>
        </div>
      </div>
    </div>
  </div>
</div>
`;
