// Jest Snapshot v1, https://goo.gl/fbAQLP

exports[`Article Component renders Article component without issues 1`] = `
<BrowserRouter>
  <Router
    history={
      Object {
        "action": "POP",
        "block": [Function],
        "createHref": [Function],
        "go": [Function],
        "goBack": [Function],
        "goForward": [Function],
        "length": 1,
        "listen": [Function],
        "location": Object {
          "hash": "",
          "pathname": "/",
          "search": "",
          "state": undefined,
        },
        "push": [Function],
        "replace": [Function],
      }
    }
  >
    <withRouter(Article)
      article={
        Object {
          "article_category": "News",
          "author": Object {
            "username": "Pop123",
          },
          "content": "test content",
          "date_created": "2019-10-14T21:49:20.570Z",
          "id": 1,
          "title": "test article",
        }
      }
    >
      <Article
        article={
          Object {
            "article_category": "News",
            "author": Object {
              "username": "Pop123",
            },
            "content": "test content",
            "date_created": "2019-10-14T21:49:20.570Z",
            "id": 1,
            "title": "test article",
          }
        }
        history={
          Object {
            "action": "POP",
            "block": [Function],
            "createHref": [Function],
            "go": [Function],
            "goBack": [Function],
            "goForward": [Function],
            "length": 1,
            "listen": [Function],
            "location": Object {
              "hash": "",
              "pathname": "/",
              "search": "",
              "state": undefined,
            },
            "push": [Function],
            "replace": [Function],
          }
        }
        location={
          Object {
            "hash": "",
            "pathname": "/",
            "search": "",
            "state": undefined,
          }
        }
        match={
          Object {
            "isExact": true,
            "params": Object {},
            "path": "/",
            "url": "/",
          }
        }
      >
        <div
          className="container_article"
        >
          <div
            className=".container_article_image"
          >
            <img
              alt="user posted"
              className="article_image"
            />
          </div>
          <h2
            className="article_title"
          >
            test article
          </h2>
          <p
            className="article_date"
          >
            October 14, 2019
          </p>
          <p
            className="article_author"
          >
            <span>
              By
            </span>
             
            <NavLink
              className="link_user_profile"
              to="/account"
            >
              <Link
                aria-current={null}
                className="link_user_profile"
                to={
                  Object {
                    "hash": "",
                    "pathname": "/account",
                    "search": "",
                    "state": null,
                  }
                }
              >
                <LinkAnchor
                  aria-current={null}
                  className="link_user_profile"
                  href="/account"
                  navigate={[Function]}
                >
                  <a
                    aria-current={null}
                    className="link_user_profile"
                    href="/account"
                    onClick={[Function]}
                  >
                    Pop123
                  </a>
                </LinkAnchor>
              </Link>
            </NavLink>
          </p>
          <div
            className="article_content"
          >
            <p
              key="t"
            >
              test content
            </p>
          </div>
          <NavLink
            to="/articles/1/edit_article"
          >
            <Link
              aria-current={null}
              to={
                Object {
                  "hash": "",
                  "pathname": "/articles/1/edit_article",
                  "search": "",
                  "state": null,
                }
              }
            >
              <LinkAnchor
                aria-current={null}
                href="/articles/1/edit_article"
                navigate={[Function]}
              >
                <a
                  aria-current={null}
                  href="/articles/1/edit_article"
                  onClick={[Function]}
                >
                  <Button
                    className="Article_edit_post_btn"
                    type="button"
                  >
                    <button
                      className="Button Article_edit_post_btn"
                      type="button"
                    >
                      Edit Post
                    </button>
                  </Button>
                </a>
              </LinkAnchor>
            </Link>
          </NavLink>
        </div>
      </Article>
    </withRouter(Article)>
  </Router>
</BrowserRouter>
`;
