// Jest Snapshot v1, https://goo.gl/fbAQLP

exports[`ArticleListItem Component renders ArticleListItem component without issues 1`] = `
<BrowserRouter>
  <Router
    history={
      Object {
        "action": "POP",
        "block": [Function],
        "createHref": [Function],
        "go": [Function],
        "goBack": [Function],
        "goForward": [Function],
        "length": 1,
        "listen": [Function],
        "location": Object {
          "hash": "",
          "pathname": "/",
          "search": "",
          "state": undefined,
        },
        "push": [Function],
        "replace": [Function],
      }
    }
  >
    <withRouter(ArticleListItem)
      article={
        Object {
          "article_category": "News",
          "author": Object {
            "username": "Pop123",
          },
          "content": "test content",
          "date_created": "2019-10-14T21:49:20.570Z",
          "id": 1,
          "title": "test article",
        }
      }
    >
      <ArticleListItem
        article={
          Object {
            "article_category": "News",
            "author": Object {
              "username": "Pop123",
            },
            "content": "test content",
            "date_created": "2019-10-14T21:49:20.570Z",
            "id": 1,
            "title": "test article",
          }
        }
        history={
          Object {
            "action": "POP",
            "block": [Function],
            "createHref": [Function],
            "go": [Function],
            "goBack": [Function],
            "goForward": [Function],
            "length": 1,
            "listen": [Function],
            "location": Object {
              "hash": "",
              "pathname": "/",
              "search": "",
              "state": undefined,
            },
            "push": [Function],
            "replace": [Function],
          }
        }
        location={
          Object {
            "hash": "",
            "pathname": "/",
            "search": "",
            "state": undefined,
          }
        }
        match={
          Object {
            "isExact": true,
            "params": Object {},
            "path": "/",
            "url": "/",
          }
        }
      >
        <div
          className="container_article_list_item"
        >
          <div
            className="container_article_preview +  + article_list_item_lightsOff"
          >
            <NavLink
              role="navigation"
              to="/articles/1"
            >
              <Link
                aria-current={null}
                role="navigation"
                to={
                  Object {
                    "hash": "",
                    "pathname": "/articles/1",
                    "search": "",
                    "state": null,
                  }
                }
              >
                <LinkAnchor
                  aria-current={null}
                  href="/articles/1"
                  navigate={[Function]}
                  role="navigation"
                >
                  <a
                    aria-current={null}
                    href="/articles/1"
                    onClick={[Function]}
                    role="navigation"
                  >
                    <div
                      className="container_article_list_item_image hide_image"
                    >
                      <img
                        alt="test article"
                        className="article_list_item_image"
                        src="undefined"
                      />
                    </div>
                  </a>
                </LinkAnchor>
              </Link>
            </NavLink>
            <div
              className="container_article_text_preview"
            >
              <div
                className="container_article_list_item_info"
              >
                <NavLink
                  className="article_list_item_title_link"
                  role="navigation"
                  to="/articles/1"
                >
                  <Link
                    aria-current={null}
                    className="article_list_item_title_link"
                    role="navigation"
                    to={
                      Object {
                        "hash": "",
                        "pathname": "/articles/1",
                        "search": "",
                        "state": null,
                      }
                    }
                  >
                    <LinkAnchor
                      aria-current={null}
                      className="article_list_item_title_link"
                      href="/articles/1"
                      navigate={[Function]}
                      role="navigation"
                    >
                      <a
                        aria-current={null}
                        className="article_list_item_title_link"
                        href="/articles/1"
                        onClick={[Function]}
                        role="navigation"
                      >
                         
                        <h4
                          className="article_list_item_title + lightsOff_text"
                        >
                          test article
                        </h4>
                         
                      </a>
                    </LinkAnchor>
                  </Link>
                </NavLink>
                <p
                  className="preview_text"
                >
                  test content
                </p>
                <div
                  className="container_article_attributes"
                >
                  <div
                    className="article_attributes"
                  >
                    <div
                      className="container_vote_count"
                    >
                      <p
                        className="vote_count"
                      >
                        <img
                          alt="vote up"
                          className="thumbs_up"
                          onClick={[Function]}
                          src="thumbs-up.png"
                        />
                        0
                        <img
                          alt="vote up"
                          className="thumbs_down"
                          onClick={[Function]}
                          src="thumbs-down.png"
                        />
                      </p>
                    </div>
                    <div
                      className="voting_request_error"
                    />
                    <span>
                      0
                       comments
                    </span>
                    <span>
                      /
                      <NavLink
                        className="article_attributes_category"
                        to="/articles/categories/News"
                      >
                        <Link
                          aria-current={null}
                          className="article_attributes_category"
                          to={
                            Object {
                              "hash": "",
                              "pathname": "/articles/categories/News",
                              "search": "",
                              "state": null,
                            }
                          }
                        >
                          <LinkAnchor
                            aria-current={null}
                            className="article_attributes_category"
                            href="/articles/categories/News"
                            navigate={[Function]}
                          >
                            <a
                              aria-current={null}
                              className="article_attributes_category"
                              href="/articles/categories/News"
                              onClick={[Function]}
                            >
                              News
                            </a>
                          </LinkAnchor>
                        </Link>
                      </NavLink>
                      /
                    </span>
                    <span>
                      by
                    </span>
                     
                    <NavLink
                      className="article_attributes_username"
                      to="/profile/Pop123"
                    >
                      <Link
                        aria-current={null}
                        className="article_attributes_username"
                        to={
                          Object {
                            "hash": "",
                            "pathname": "/profile/Pop123",
                            "search": "",
                            "state": null,
                          }
                        }
                      >
                        <LinkAnchor
                          aria-current={null}
                          className="article_attributes_username"
                          href="/profile/Pop123"
                          navigate={[Function]}
                        >
                          <a
                            aria-current={null}
                            className="article_attributes_username"
                            href="/profile/Pop123"
                            onClick={[Function]}
                          >
                            Pop123
                             
                          </a>
                        </LinkAnchor>
                      </Link>
                    </NavLink>
                    <span>
                      on 
                      October 14, 2019
                    </span>
                  </div>
                </div>
              </div>
            </div>
          </div>
        </div>
      </ArticleListItem>
    </withRouter(ArticleListItem)>
  </Router>
</BrowserRouter>
`;
