// Jest Snapshot v1, https://goo.gl/fbAQLP

exports[`ArticleListItem Component renders ArticleListItem component without issues 1`] = `
<BrowserRouter>
  <Router
    history={
      Object {
        "action": "POP",
        "block": [Function],
        "createHref": [Function],
        "go": [Function],
        "goBack": [Function],
        "goForward": [Function],
        "length": 1,
        "listen": [Function],
        "location": Object {
          "hash": "",
          "pathname": "/",
          "search": "",
          "state": undefined,
        },
        "push": [Function],
        "replace": [Function],
      }
    }
  >
    <withRouter(ArticleListItem)
      article={
        Object {
          "article_category": "News",
          "author": Object {
            "username": "Pop123",
          },
          "content": "test content",
          "date_created": "2019-10-14T21:49:20.570Z",
          "id": 1,
          "title": "test article",
        }
      }
    >
      <ArticleListItem
        article={
          Object {
            "article_category": "News",
            "author": Object {
              "username": "Pop123",
            },
            "content": "test content",
            "date_created": "2019-10-14T21:49:20.570Z",
            "id": 1,
            "title": "test article",
          }
        }
        history={
          Object {
            "action": "POP",
            "block": [Function],
            "createHref": [Function],
            "go": [Function],
            "goBack": [Function],
            "goForward": [Function],
            "length": 1,
            "listen": [Function],
            "location": Object {
              "hash": "",
              "pathname": "/",
              "search": "",
              "state": undefined,
            },
            "push": [Function],
            "replace": [Function],
          }
        }
        location={
          Object {
            "hash": "",
            "pathname": "/",
            "search": "",
            "state": undefined,
          }
        }
        match={
          Object {
            "isExact": true,
            "params": Object {},
            "path": "/",
            "url": "/",
          }
        }
      >
        <div
          className="container_article_list_item"
        >
          <div
            className="container_article_item_image"
          >
            <img
              alt="user-submitted"
              className="article_list_item_image"
            />
          </div>
          <NavLink
            role="navigation"
            to="/articles/1"
          >
            <Link
              aria-current={null}
              role="navigation"
              to={
                Object {
                  "hash": "",
                  "pathname": "/articles/1",
                  "search": "",
                  "state": null,
                }
              }
            >
              <LinkAnchor
                aria-current={null}
                href="/articles/1"
                navigate={[Function]}
                role="navigation"
              >
                <a
                  aria-current={null}
                  href="/articles/1"
                  onClick={[Function]}
                  role="navigation"
                >
                   
                  <h2
                    className="article_title"
                  >
                    test article
                  </h2>
                   
                </a>
              </LinkAnchor>
            </Link>
          </NavLink>
          <p>
            Votes: 
          </p>
          <p>
            October 14, 2019
             
          </p>
          <p>
            <span>
              0
               comments
            </span>
            <span>
              /
              News
              /
            </span>
            <span>
              by
            </span>
             
            Pop123
          </p>
        </div>
      </ArticleListItem>
    </withRouter(ArticleListItem)>
  </Router>
</BrowserRouter>
`;
