// Jest Snapshot v1, https://goo.gl/fbAQLP

exports[`Comment Component renders Comment component without issues 1`] = `
<BrowserRouter>
  <Router
    history={
      Object {
        "action": "POP",
        "block": [Function],
        "createHref": [Function],
        "go": [Function],
        "goBack": [Function],
        "goForward": [Function],
        "length": 1,
        "listen": [Function],
        "location": Object {
          "hash": "",
          "pathname": "/",
          "search": "",
          "state": undefined,
        },
        "push": [Function],
        "replace": [Function],
      }
    }
  >
    <withRouter(Comment)
      comment={
        Object {
          "article_id": 1,
          "content": "test comment content",
          "date_created": "2019-10-14T21:49:20.570Z",
          "id": 1,
          "user": Object {
            "id": 1,
            "username": "Pop123",
          },
        }
      }
    >
      <Comment
        comment={
          Object {
            "article_id": 1,
            "content": "test comment content",
            "date_created": "2019-10-14T21:49:20.570Z",
            "id": 1,
            "user": Object {
              "id": 1,
              "username": "Pop123",
            },
          }
        }
        history={
          Object {
            "action": "POP",
            "block": [Function],
            "createHref": [Function],
            "go": [Function],
            "goBack": [Function],
            "goForward": [Function],
            "length": 1,
            "listen": [Function],
            "location": Object {
              "hash": "",
              "pathname": "/",
              "search": "",
              "state": undefined,
            },
            "push": [Function],
            "replace": [Function],
          }
        }
        location={
          Object {
            "hash": "",
            "pathname": "/",
            "search": "",
            "state": undefined,
          }
        }
        match={
          Object {
            "isExact": true,
            "params": Object {},
            "path": "/",
            "url": "/",
          }
        }
      >
        <li
          className="list_comment_item"
          key="1"
        >
          <div
            className="container_comment_content + comments_content_lights_off"
          >
            <p
              className="comment_author_info"
            >
              <NavLink
                className="comment_username_link"
                to="/profile/Pop123"
              >
                <Link
                  aria-current={null}
                  className="comment_username_link"
                  to={
                    Object {
                      "hash": "",
                      "pathname": "/profile/Pop123",
                      "search": "",
                      "state": null,
                    }
                  }
                >
                  <LinkAnchor
                    aria-current={null}
                    className="comment_username_link"
                    href="/profile/Pop123"
                    navigate={[Function]}
                  >
                    <a
                      aria-current={null}
                      className="comment_username_link"
                      href="/profile/Pop123"
                      onClick={[Function]}
                    >
                      <span>
                        Pop123
                         
                      </span>
                       
                    </a>
                  </LinkAnchor>
                </Link>
              </NavLink>
              <span>
                on 
                October 14, 2019
              </span>
            </p>
            <p
              className="comment_content"
            >
              test comment content
            </p>
          </div>
        </li>
      </Comment>
    </withRouter(Comment)>
  </Router>
</BrowserRouter>
`;
