// Jest Snapshot v1, https://goo.gl/fbAQLP

exports[`Registration Form Component renders registration form without issues 1`] = `
<div
  className="container_registration_page"
>
  <div
    className="container_registration_form"
  >
    <Form
      className="RegistrationForm"
      id="no_radius"
      onSubmit={[Function]}
    >
      <Logo
        className="logo_registration"
      />
      <h2
        id="header_registration_form"
      >
        Registration
      </h2>
      <div
        className="container_RegistrationForm_fullname"
      >
        <label
          htmlFor="RegistrationForm_fullname"
          id="label_registration_fullname"
        >
          Fullname
        </label>
        <Input
          className="RegistrationForm_fullname"
          name="fullname"
          onChange={[Function]}
          type="text"
        />
      </div>
      <div
        className="container_RegistrationForm_username"
      >
        <label
          htmlFor="RegistrationForm_username"
          id="label_registration_username"
        >
          Username
        </label>
        <Input
          className="RegistrationForm_username"
          name="username"
          onChange={[Function]}
          type="text"
        />
      </div>
      <div
        className="container_RegistrationForm_password"
      >
        <label
          htmlFor="RegistrationForm_password"
          id="label_registration_password"
        >
          Password
        </label>
        <Input
          autoComplete="off"
          className="RegistrationForm_password"
          name="password"
          onChange={[Function]}
          type="password"
        />
      </div>
      <div
        className="container_RegistrationForm_email"
      >
        <label
          htmlFor="RegistrationForm_email"
          id="label_registration_email"
        >
          Email
        </label>
         
        <Input
          className="RegistrationForm_email"
          name="email"
          onChange={[Function]}
          type="text"
        />
      </div>
      <div
        className="container_RegistrationForm_profile"
      >
        <label
          htmlFor="RegistrationForm_profile"
          id="label_registration_profile"
        >
          About Me
        </label>
         
        <textarea
          className="RegistrationForm_profile"
          name="profile"
          onChange={[Function]}
          type="text"
        />
      </div>
      <div
        className="container_RegistrationForm_image_url"
      >
        <label
          htmlFor="RegistrationForm_image_url"
          id="label_registration_image_url"
        >
          Image Url
        </label>
         
        <Input
          className="RegistrationForm_image_url"
          name="image_url"
          onChange={[Function]}
          type="text"
        />
      </div>
      <div
        role="alert"
      />
      <div
        className="container_RegistrationForm_btn"
      >
        <button
          className="RegistrationForm_submit_btn"
          disabled={true}
          type="submit"
        >
          Submit
        </button>
      </div>
      <div
        className="container_RegistrationForm_login_link"
      >
        <p
          id="message_redirect"
        >
          Already a user?
           
          <NavLink
            className="RegistrationForm_login_link"
            to="/login"
          >
            Login
          </NavLink>
        </p>
      </div>
    </Form>
  </div>
  <div
    className="bg_desktop_view_registration_page"
  >
     
    <div
      className="container_desktop_view_registration_hero"
    >
      <h3
        role="banner"
      >
        Become a part of our community with a simple sign-up for a free account.
      </h3>
    </div>
  </div>
</div>
`;
